// Jest Snapshot v1, https://goo.gl/fbAQLP

exports[`actions should decrement should create decrement action 1`] = `[Function]`;

exports[`actions should increment should create increment action 1`] = `[Function]`;
